
> free-nextjs-admin-dashboard@2.2.2 build
> next build

node.exe : [baseline-brow
ser-mapping] The data in 
this module is over two 
months old.  To ensure 
accurate Baseline data, 
please update: `npm i bas
eline-browser-mapping@lat
est -D`
At C:\Program 
Files\nodejs\npm.ps1:29 
char:3
+   & $NODE_EXE 
$NPM_CLI_JS $args
+   ~~~~~~~~~~~~~~~~~~~~~
~~~~~~~~
    + CategoryInfo       
       : NotSpecified:   
  ([baseline-brows...p   
 ing@latest -D`:Strin    
g) [], RemoteExcepti    
on
    + FullyQualifiedErro 
   rId : NativeCommandE  
  rror
 
   Γû▓ Next.js 16.0.10 (Turbopack)

   Creating an optimized production build ...
[baseline-browser-mapping
] The data in this 
module is over two 
months old.  To ensure 
accurate Baseline data, 
please update: `npm i bas
eline-browser-mapping@lat
est -D`
Error: Cannot apply 
unknown utility class ``
    [2m[at 
onInvalidCandidate 
(D:\Portfolio Projects\RF
-Travels\free-nextjs-admi
n-dashboard-main\free-nex
tjs-admin-dashboard-main\
node_modules\tailwindcss\
dist\lib.js:21:1511)][0m
    [2m[at Ee 
(D:\Portfolio Projects\RF
-Travels\free-nextjs-admi
n-dashboard-main\free-nex
tjs-admin-dashboard-main\
node_modules\tailwindcss\
dist\lib.js:16:36740)][0
m
    [2m[at D:\Portfolio 
Projects\RF-Travels\free-
nextjs-admin-dashboard-ma
in\free-nextjs-admin-dash
board-main\node_modules\t
ailwindcss\dist\lib.js:21
:355][0m
    [2m[at Pr 
(D:\Portfolio Projects\RF
-Travels\free-nextjs-admi
n-dashboard-main\free-nex
tjs-admin-dashboard-main\
node_modules\tailwindcss\
dist\lib.js:3:1733)][0m
    [2m[at _ 
(D:\Portfolio Projects\RF
-Travels\free-nextjs-admi
n-dashboard-main\free-nex
tjs-admin-dashboard-main\
node_modules\tailwindcss\
dist\lib.js:3:1377)][0m
    [2m[at Te 
(D:\Portfolio Projects\RF
-Travels\free-nextjs-admi
n-dashboard-main\free-nex
tjs-admin-dashboard-main\
node_modules\tailwindcss\
dist\lib.js:21:172)][0m
    [2m[at pn 
(D:\Portfolio Projects\RF
-Travels\free-nextjs-admi
n-dashboard-main\free-nex
tjs-admin-dashboard-main\
node_modules\tailwindcss\
dist\lib.js:38:294)][0m
    [2m[at async dn 
(D:\Portfolio Projects\RF
-Travels\free-nextjs-admi
n-dashboard-main\free-nex
tjs-admin-dashboard-main\
node_modules\tailwindcss\
dist\lib.js:38:631)][0m
    [2m[at async Xr 
(D:\Portfolio Projects\RF
-Travels\free-nextjs-admi
n-dashboard-main\free-nex
tjs-admin-dashboard-main\
node_modules\@tailwindcss
\node\dist\index.js:10:34
17)][0m
    [2m[at async N 
(D:\Portfolio Projects\RF
-Travels\free-nextjs-admi
n-dashboard-main\free-nex
tjs-admin-dashboard-main\
node_modules\@tailwindcss
\postcss\dist\index.js:10
:3979)][0m

> Build error occurred
Error: Turbopack build 
failed with 1 errors:
./src/app/globals.css
Error evaluating Node.js 
code
CssSyntaxError: 
tailwindcss: 
D:\Portfolio Projects\RF-
Travels\free-nextjs-admin
-dashboard-main\free-next
js-admin-dashboard-main\s
rc\app\globals.css:1:1: 
Cannot apply unknown 
utility class ``
    at Input.error (node_
modules/postcss/lib/input
.js:135:16) 
[D:\Portfolio Projects\RF
-Travels\free-nextjs-admi
n-dashboard-main\free-nex
tjs-admin-dashboard-main\
.next\build\chunks\node_m
odules_fe693df6._.js:4651
:22]
    at Root.error (node_m
odules/postcss/lib/node.j
s:146:32) [D:\Portfolio P
rojects\RF-Travels\free-n
extjs-admin-dashboard-mai
n\free-nextjs-admin-dashb
oard-main\.next\build\chu
nks\node_modules_fe693df6
._.js:928:38]
    [at Object.Once 
(D:\Portfolio Projects\RF
-Travels\free-nextjs-admi
n-dashboard-main\free-nex
tjs-admin-dashboard-main\
node_modules\@tailwindcss
\postcss\dist\index.js:10
:6913)]
    at async 
LazyResult.runAsync (node
_modules/postcss/lib/lazy
-result.js:293:11) 
[D:\Portfolio Projects\RF
-Travels\free-nextjs-admi
n-dashboard-main\free-nex
tjs-admin-dashboard-main\
.next\build\chunks\node_m
odules_fe693df6._.js:6214
:21]
    at async transform (t
urbopack:///[turbopack-no
de]/transforms/postcss.ts
:70:34) [D:\Portfolio Pro
jects\RF-Travels\free-nex
tjs-admin-dashboard-main\
free-nextjs-admin-dashboa
rd-main\.next\build\chunk
s\[root-of-the-server]__6
d51cb5d._.js:172:36]
    at async run (turbopa
ck:///[turbopack-node]/ip
c/evaluate.ts:92:23) 
[D:\Portfolio Projects\RF
-Travels\free-nextjs-admi
n-dashboard-main\free-nex
tjs-admin-dashboard-main\
.next\build\chunks\[root-
of-the-server]__44695d76.
_.js:443:31]

Import trace:
  Client Component 
Browser:
    
./src/app/globals.css 
[Client Component 
Browser]
    ./src/app/layout.tsx 
[Server Component]


    at async transform (t
urbopack:///[turbopack-no
de]/transforms/postcss.ts
:70:34) [D:\Portfolio Pro
jects\RF-Travels\free-nex
tjs-admin-dashboard-main\
free-nextjs-admin-dashboa
rd-main\.next\build\chunk
s\[root-of-the-server]__6
d51cb5d._.js:172:36])
    at async run (turbopa
ck:///[turbopack-node]/ip
c/evaluate.ts:92:23) 
[D:\Portfolio Projects\RF
-Travels\free-nextjs-admi
n-dashboard-main\free-nex
tjs-admin-dashboard-main\
.next\build\chunks\[root-
of-the-server]__44695d76.
_.js:443:31])
